------------------------------------------------------------
Timing Analyzer Summary
------------------------------------------------------------

Type  : Slow 1100mV 100C Model Setup 'CLOCK'
Slack : -3.447
TNS   : -419.599

Type  : Slow 1100mV 100C Model Hold 'CLOCK'
Slack : 0.308
TNS   : 0.000

Type  : Slow 1100mV 100C Model Minimum Pulse Width 'CLOCK'
Slack : -0.538
TNS   : -148.335

Type  : Slow 1100mV -40C Model Setup 'CLOCK'
Slack : -3.360
TNS   : -411.147

Type  : Slow 1100mV -40C Model Hold 'CLOCK'
Slack : 0.288
TNS   : 0.000

Type  : Slow 1100mV -40C Model Minimum Pulse Width 'CLOCK'
Slack : -0.538
TNS   : -157.313

Type  : Fast 1100mV 100C Model Setup 'CLOCK'
Slack : -1.287
TNS   : -115.899

Type  : Fast 1100mV 100C Model Hold 'CLOCK'
Slack : 0.167
TNS   : 0.000

Type  : Fast 1100mV 100C Model Minimum Pulse Width 'CLOCK'
Slack : -0.094
TNS   : -16.568

Type  : Fast 1100mV -40C Model Setup 'CLOCK'
Slack : -0.999
TNS   : -81.856

Type  : Fast 1100mV -40C Model Hold 'CLOCK'
Slack : 0.145
TNS   : 0.000

Type  : Fast 1100mV -40C Model Minimum Pulse Width 'CLOCK'
Slack : -0.091
TNS   : -16.266

------------------------------------------------------------
